// Jest Snapshot v1, https://goo.gl/fbAQLP

exports[`App Renders Correctly 1`] = `
<header>
  <h1
    className="logo"
  >
    Math Magicians
  </h1>
  <nav
    className="header__nav"
  >
    <ul>
      <li>
        <a
          href="/math-magicians"
          onClick={[Function]}
        >
          Home
        </a>
      </li>
      <li>
        <a
          href="/math-magicians/calculator"
          onClick={[Function]}
        >
          Calculator
        </a>
      </li>
      <li>
        <a
          href="/math-magicians/quote"
          onClick={[Function]}
        >
          Quote
        </a>
      </li>
    </ul>
  </nav>
</header>
`;
